Component: ARM Compiler 5.06 update 6 (build 750) Tool: armlink [4d35ed]

==============================================================================

Section Cross References

    startup_stm32f411xe.o(STACK) refers (Special) to heapauxi.o(.text) for __use_two_region_memory
    startup_stm32f411xe.o(HEAP) refers (Special) to heapauxi.o(.text) for __use_two_region_memory
    startup_stm32f411xe.o(RESET) refers (Special) to heapauxi.o(.text) for __use_two_region_memory
    startup_stm32f411xe.o(RESET) refers to startup_stm32f411xe.o(STACK) for __initial_sp
    startup_stm32f411xe.o(RESET) refers to startup_stm32f411xe.o(.text) for Reset_Handler
    startup_stm32f411xe.o(RESET) refers to stm32f4xx_it.o(i.NMI_Handler) for NMI_Handler
    startup_stm32f411xe.o(RESET) refers to stm32f4xx_it.o(i.HardFault_Handler) for HardFault_Handler
    startup_stm32f411xe.o(RESET) refers to stm32f4xx_it.o(i.MemManage_Handler) for MemManage_Handler
    startup_stm32f411xe.o(RESET) refers to stm32f4xx_it.o(i.BusFault_Handler) for BusFault_Handler
    startup_stm32f411xe.o(RESET) refers to stm32f4xx_it.o(i.UsageFault_Handler) for UsageFault_Handler
    startup_stm32f411xe.o(RESET) refers to stm32f4xx_it.o(i.SVC_Handler) for SVC_Handler
    startup_stm32f411xe.o(RESET) refers to stm32f4xx_it.o(i.DebugMon_Handler) for DebugMon_Handler
    startup_stm32f411xe.o(RESET) refers to stm32f4xx_it.o(i.PendSV_Handler) for PendSV_Handler
    startup_stm32f411xe.o(RESET) refers to stm32f4xx_it.o(i.SysTick_Handler) for SysTick_Handler
    startup_stm32f411xe.o(RESET) refers to stm32f4xx_it.o(i.USART1_IRQHandler) for USART1_IRQHandler
    startup_stm32f411xe.o(.text) refers (Special) to heapauxi.o(.text) for __use_two_region_memory
    startup_stm32f411xe.o(.text) refers to system_stm32f4xx.o(i.SystemInit) for SystemInit
    startup_stm32f411xe.o(.text) refers to __main.o(!!!main) for __main
    startup_stm32f411xe.o(.text) refers to startup_stm32f411xe.o(HEAP) for Heap_Mem
    startup_stm32f411xe.o(.text) refers to startup_stm32f411xe.o(STACK) for Stack_Mem
    network.o(i.ai_network_create) refers to ai_platform_interface.o(i.ai_platform_network_create) for ai_platform_network_create
    network.o(i.ai_network_create) refers to network.o(.data) for .data
    network.o(i.ai_network_create_and_init) refers to network.o(i.ai_network_create) for ai_network_create
    network.o(i.ai_network_create_and_init) refers to network_data.o(i.ai_network_data_params_get) for ai_network_data_params_get
    network.o(i.ai_network_create_and_init) refers to network.o(i.ai_network_get_error) for ai_network_get_error
    network.o(i.ai_network_create_and_init) refers to ai_platform.o(i.ai_buffer_array_item_set_address) for ai_buffer_array_item_set_address
    network.o(i.ai_network_create_and_init) refers to network.o(i.ai_network_init) for ai_network_init
    network.o(i.ai_network_destroy) refers to ai_platform_interface.o(i.ai_platform_network_destroy) for ai_platform_network_destroy
    network.o(i.ai_network_forward) refers to ai_platform_interface.o(i.ai_platform_network_process) for ai_platform_network_process
    network.o(i.ai_network_get_error) refers to ai_platform_interface.o(i.ai_platform_network_get_error) for ai_platform_network_get_error
    network.o(i.ai_network_get_info) refers to ai_platform_interface.o(i.ai_platform_context_acquire) for ai_platform_context_acquire
    network.o(i.ai_network_get_info) refers to rt_memcpy_w.o(.text) for __aeabi_memcpy4
    network.o(i.ai_network_get_info) refers to ai_platform_interface.o(i.ai_platform_runtime_get_revision) for ai_platform_runtime_get_revision
    network.o(i.ai_network_get_info) refers to ai_platform_interface.o(i.ai_platform_runtime_get_version) for ai_platform_runtime_get_version
    network.o(i.ai_network_get_info) refers to ai_platform_interface.o(i.ai_platform_api_get_version) for ai_platform_api_get_version
    network.o(i.ai_network_get_info) refers to ai_platform_interface.o(i.ai_platform_interface_api_get_version) for ai_platform_interface_api_get_version
    network.o(i.ai_network_get_info) refers to ai_platform_interface.o(i.ai_platform_api_get_network_report) for ai_platform_api_get_network_report
    network.o(i.ai_network_get_info) refers to network.o(.constdata) for .constdata
    network.o(i.ai_network_get_report) refers to ai_platform_interface.o(i.ai_platform_context_acquire) for ai_platform_context_acquire
    network.o(i.ai_network_get_report) refers to rt_memcpy_w.o(.text) for __aeabi_memcpy4
    network.o(i.ai_network_get_report) refers to ai_platform_interface.o(i.ai_platform_runtime_get_revision) for ai_platform_runtime_get_revision
    network.o(i.ai_network_get_report) refers to ai_platform_interface.o(i.ai_platform_runtime_get_version) for ai_platform_runtime_get_version
    network.o(i.ai_network_get_report) refers to ai_platform_interface.o(i.ai_platform_api_get_version) for ai_platform_api_get_version
[...]
    <Data52>                                 0x200002e8   Data           4  network.o(.data)
    .data                                    0x200002ec   Section        4  network.o(.data)
    <Data53>                                 0x200002ec   Data           4  network.o(.data)
    .data                                    0x200002f0   Section        8  network.o(.data)
    <Data54>                                 0x200002f0   Data           8  network.o(.data)
    .data                                    0x200002f8   Section        4  network.o(.data)
    <Data55>                                 0x200002f8   Data           4  network.o(.data)
    .data                                    0x200002fc   Section       48  network.o(.data)
    <Data56>                                 0x200002fc   Data          48  network.o(.data)
    .data                                    0x2000032c   Section       16  network.o(.data)
    <Data57>                                 0x2000032c   Data          16  network.o(.data)
    .data                                    0x2000033c   Section       28  network.o(.data)
    <Data58>                                 0x2000033c   Data          28  network.o(.data)
    .data                                    0x20000358   Section       16  network.o(.data)
    <Data59>                                 0x20000358   Data          16  network.o(.data)
    .data                                    0x20000368   Section       28  network.o(.data)
    <Data60>                                 0x20000368   Data          28  network.o(.data)
    .data                                    0x20000384   Section        4  network.o(.data)
    <Data61>                                 0x20000384   Data           4  network.o(.data)
    .data                                    0x20000388   Section        8  network.o(.data)
    <Data64>                                 0x20000388   Data           8  network.o(.data)
    .data                                    0x20000390   Section       12  network.o(.data)
    <Data65>                                 0x20000390   Data          12  network.o(.data)
    .data                                    0x2000039c   Section        4  network.o(.data)
    <Data66>                                 0x2000039c   Data           4  network.o(.data)
    .data                                    0x200003a0   Section        8  network.o(.data)
    <Data69>                                 0x200003a0   Data           8  network.o(.data)
    .data                                    0x200003a8   Section       12  network.o(.data)
    <Data70>                                 0x200003a8   Data          12  network.o(.data)
    .data                                    0x200003b4   Section       24  network.o(.data)
    <Data71>                                 0x200003b4   Data          24  network.o(.data)
    .data                                    0x200003cc   Section      292  network.o(.data)
    g_network_activations_map                0x200003cc   Data           4  network.o(.data)
    g_network_weights_map                    0x200003d0   Data           4  network.o(.data)
    serving_default_iris_input0_output_array 0x200003d4   Data          16  network.o(.data)
    gemm_0_output_array                      0x200003e4   Data          16  network.o(.data)
    nl_0_nl_output_array                     0x200003f4   Data          16  network.o(.data)
    gemm_1_output_array                      0x20000404   Data          16  network.o(.data)
    nl_1_nl_output_array                     0x20000414   Data          16  network.o(.data)
    gemm_2_output_array                      0x20000424   Data          16  network.o(.data)
    nl_3_output_array                        0x20000434   Data          16  network.o(.data)
    gemm_0_weights_array                     0x20000444   Data          16  network.o(.data)
    gemm_0_bias_array                        0x20000454   Data          16  network.o(.data)
    gemm_1_weights_array                     0x20000464   Data          16  network.o(.data)
    gemm_1_bias_array                        0x20000474   Data          16  network.o(.data)
    gemm_2_weights_array                     0x20000484   Data          16  network.o(.data)
    gemm_2_bias_array                        0x20000494   Data          16  network.o(.data)
    g_network                                0x200004a4   Data          76  network.o(.data)
    .data                                    0x200004f0   Section       28  network.o(.data)
    gemm_0_bias                              0x200004f0   Data          28  network.o(.data)
    .data                                    0x2000050c   Section       28  network.o(.data)
    gemm_0_output                            0x2000050c   Data          28  network.o(.data)
    .data                                    0x20000528   Section       28  network.o(.data)
    gemm_0_weights                           0x20000528   Data          28  network.o(.data)
    .data                                    0x20000544   Section       28  network.o(.data)
    gemm_1_bias                              0x20000544   Data          28  network.o(.data)
    .data                                    0x20000560   Section       28  network.o(.data)
    gemm_1_output                            0x20000560   Data          28  network.o(.data)
    .data                                    0x2000057c   Section       28  network.o(.data)
    gemm_1_weights                           0x2000057c   Data          28  network.o(.data)
    .data                                    0x20000598   Section       28  network.o(.data)
    gemm_2_bias                              0x20000598   Data          28  network.o(.data)
    .data                                    0x200005b4   Section       28  network.o(.data)
    gemm_2_output                            0x200005b4   Data          28  network.o(.data)
    .data                                    0x200005d0   Section       28  network.o(.data)
    gemm_2_weights                           0x200005d0   Data          28  network.o(.data)
    .data                                    0x200005ec   Section       28  network.o(.data)
    nl_0_nl_output                           0x200005ec   Data          28  network.o(.data)
    .data                                    0x20000608   Section       28  network.o(.data)
    nl_1_nl_output                           0x20000608   Data          28  network.o(.data)
    .data                                    0x20000624   Section       28  network.o(.data)
    nl_3_output                              0x20000624   Data          28  network.o(.data)
    .data                                    0x20000640   Section       28  network.o(.data)
    serving_default_iris_input0_output       0x20000640   Data          28  network.o(.data)
    .data                                    0x2000065c   Section       36  network.o(.data)
    nl_3_layer                               0x2000065c   Data          36  network.o(.data)
    .data                                    0x20000680   Section       28  network.o(.data)
    gemm_2_layer                             0x20000680   Data          28  network.o(.data)
    .data                                    0x2000069c   Section       32  network.o(.data)
    nl_1_nl_layer                            0x2000069c   Data          32  network.o(.data)
    .data                                    0x200006bc   Section       28  network.o(.data)
    gemm_1_layer                             0x200006bc   Data          28  network.o(.data)
    .data                                    0x200006d8   Section       32  network.o(.data)
    nl_0_nl_layer                            0x200006d8   Data          32  network.o(.data)
    .data                                    0x200006f8   Section       28  network.o(.data)
    gemm_0_layer                             0x200006f8   Data          28  network.o(.data)
    .data                                    0x20000714   Section       16  network_data.o(.data)
    <Data1>                                  0x20000714   Data          16  network_data.o(.data)
    .data                                    0x20000724   Section       16  network_data.o(.data)
    <Data2>                                  0x20000724   Data          16  network_data.o(.data)
    .data                                    0x20000734   Section       28  network_data.o(.data)
    .data                                    0x20000750   Section       28  network_data.o(.data)
    .data                                    0x2000076c   Section        8  main.o(.data)
    .data                                    0x20000774   Section       16  iris_ai.o(.data)
    s_network                                0x20000774   Data           4  iris_ai.o(.data)
    s_ai_input                               0x20000778   Data           4  iris_ai.o(.data)
    s_ai_output                              0x2000077c   Data           4  iris_ai.o(.data)
    s_last_error                             0x20000780   Data           4  iris_ai.o(.data)
    .data                                    0x20000784   Section       16  iris_uart.o(.data)
    s_rx_byte                                0x20000784   Data           1  iris_uart.o(.data)
    s_line_ready                             0x20000785   Data           1  iris_uart.o(.data)
    s_ai_ready                               0x20000786   Data           1  iris_uart.o(.data)
    s_rx_index                               0x20000788   Data           2  iris_uart.o(.data)
    s_total                                  0x2000078c   Data           4  iris_uart.o(.data)
    s_correct                                0x20000790   Data           4  iris_uart.o(.data)
    .data                                    0x20000794   Section       12  stm32f4xx_hal.o(.data)
    .data                                    0x200007a0   Section        4  system_stm32f4xx.o(.data)
    .bss                                     0x200007a4   Section       28  network.o(.bss)
    <Data62>                                 0x200007a4   Data          28  network.o(.bss)
    .bss                                     0x200007c0   Section       16  network.o(.bss)
    <Data63>                                 0x200007c0   Data          16  network.o(.bss)
    .bss                                     0x200007d0   Section       28  network.o(.bss)
    <Data67>                                 0x200007d0   Data          28  network.o(.bss)
    .bss                                     0x200007ec   Section       16  network.o(.bss)
    <Data68>                                 0x200007ec   Data          16  network.o(.bss)
    .bss                                     0x200007fc   Section       72  main.o(.bss)
    .bss                                     0x20000860   Section       64  iris_ai.o(.bss)
    s_activations                            0x20000860   Data          64  iris_ai.o(.bss)
    .bss                                     0x200008a0   Section       16  iris_ai.o(.bss)
    s_normalized_input                       0x200008a0   Data          16  iris_ai.o(.bss)
    .bss                                     0x200008b0   Section      128  iris_uart.o(.bss)
    s_rx_line                                0x200008b0   Data         128  iris_uart.o(.bss)
    .bss                                     0x20000930   Section       96  libspace.o(.bss)
    HEAP                                     0x20000990   Section     2048  startup_stm32f411xe.o(HEAP)
    Heap_Mem                                 0x20000990   Data        2048  startup_stm32f411xe.o(HEAP)
    STACK                                    0x20001190   Section     2048  startup_stm32f411xe.o(STACK)
    Stack_Mem                                0x20001190   Data        2048  startup_stm32f411xe.o(STACK)
    __initial_sp                             0x20001990   Data           0  startup_stm32f411xe.o(STACK)

    Global Symbols

    Symbol Name                              Value     Ov Type        Size  Object(Section)

    BuildAttributes$$THM_ISAv4$E$P$D$K$B$S$7EM$VFPi3$EXTD16$VFPS$VFMA$PE$A:L22UL41UL21$X:L11$S22US41US21$IEEE1$IW$USESV6$~STKCKD$USESV7$~SHL$OTIME$ROPI$IEEEX$EBA8$UX$STANDARDLIB$REQ8$PRES8$EABIv2 0x00000000   Number         0  anon$$obj.o ABSOLUTE
    __ARM_use_no_argv                        0x00000000   Number         0  main.o ABSOLUTE
    _printf_flags                            0x00000000   Number         0  printf_stubs.o ABSOLUTE
    _printf_return_value                     0x00000000   Number         0  printf_stubs.o ABSOLUTE
    _printf_sizespec                         0x00000000   Number         0  printf_stubs.o ABSOLUTE
    _printf_widthprec                        0x00000000   Number         0  printf_stubs.o ABSOLUTE
    __ARM_exceptions_init                     - Undefined Weak Reference
    __alloca_initialize                       - Undefined Weak Reference
    __arm_preinit_                            - Undefined Weak Reference
    __cpp_initialize__aeabi_                  - Undefined Weak Reference
    __cxa_finalize                            - Undefined Weak Reference
    __rt_locale                               - Undefined Weak Reference
    __sigvec_lookup                           - Undefined Weak Reference
    __user_heap_extent                        - Undefined Weak Reference
    _atexit_init                              - Undefined Weak Reference
    _call_atexit_fns                          - Undefined Weak Reference
    _clock_init                               - Undefined Weak Reference
    _fp_trap_init                             - Undefined Weak Reference
    _fp_trap_shutdown                         - Undefined Weak Reference
    _get_lc_collate                           - Undefined Weak Reference
    _get_lc_ctype                             - Undefined Weak Reference
    _get_lc_monetary                          - Undefined Weak Reference
    _get_lc_numeric                           - Undefined Weak Reference
    _get_lc_time                              - Undefined Weak Reference
    _getenv_init                              - Undefined Weak Reference
    _handle_redirection                       - Undefined Weak Reference
    _mutex_acquire                            - Undefined Weak Reference
    _mutex_free                               - Undefined Weak Reference
    _mutex_release                            - Undefined Weak Reference
    _printf_mbtowc                            - Undefined Weak Reference
    _printf_truncate_signed                   - Undefined Weak Reference
    _printf_truncate_unsigned                 - Undefined Weak Reference
    _rand_init                                - Undefined Weak Reference
    _signal_finish                            - Undefined Weak Reference
    _signal_init                              - Undefined Weak Reference
    __Vectors_Size                           0x00000198   Number         0  startup_stm32f411xe.o ABSOLUTE
    __Vectors                                0x08000000   Data           4  startup_stm32f411xe.o(RESET)
    __Vectors_End                            0x08000198   Data           0  startup_stm32f411xe.o(RESET)
    __main                                   0x08000199   Thumb Code     8  __main.o(!!!main)
    __scatterload                            0x080001a1   Thumb Code     0  __scatter.o(!!!scatter)
    __scatterload_rt2                        0x080001a1   Thumb Code    44  __scatter.o(!!!scatter)
    __scatterload_rt2_thumb_only             0x080001a1   Thumb Code     0  __scatter.o(!!!scatter)
    __scatterload_null                       0x080001af   Thumb Code     0  __scatter.o(!!!scatter)
    __decompress                             0x080001d5   Thumb Code    90  __dczerorl2.o(!!dczerorl2)
    __decompress1                            0x080001d5   Thumb Code     0  __dczerorl2.o(!!dczerorl2)
    __scatterload_zeroinit                   0x08000231   Thumb Code    28  __scatter_zi.o(!!handler_zi)
    _printf_d                                0x0800024d   Thumb Code     0  _printf_d.o(.ARM.Collect$$_printf_percent$$00000009)
    _printf_percent                          0x0800024d   Thumb Code     0  _printf_percent.o(.ARM.Collect$$_printf_percent$$00000000)
    _printf_u                                0x08000253   Thumb Code     0  _printf_u.o(.ARM.Collect$$_printf_percent$$0000000A)
    _printf_x                                0x08000259   Thumb Code     0  _printf_x.o(.ARM.Collect$$_printf_percent$$0000000C)
    _printf_s                                0x0800025f   Thumb Code     0  _printf_s.o(.ARM.Collect$$_printf_percent$$00000014)
    _printf_percent_end                      0x08000265   Thumb Code     0  _printf_percent_end.o(.ARM.Collect$$_printf_percent$$00000017)
    __rt_lib_init                            0x08000269   Thumb Code     0  libinit.o(.ARM.Collect$$libinit$$00000000)
    __rt_lib_init_fp_1                       0x0800026b   Thumb Code     0  libinit2.o(.ARM.Collect$$libinit$$00000001)
    __rt_lib_init_alloca_1                   0x0800026f   Thumb Code     0  libinit2.o(.ARM.Collect$$libinit$$0000002E)
    __rt_lib_init_argv_1                     0x0800026f   Thumb Code     0  libinit2.o(.ARM.Collect$$libinit$$0000002C)
    __rt_lib_init_atexit_1                   0x0800026f   Thumb Code     0  libinit2.o(.ARM.Collect$$libinit$$0000001B)
    __rt_lib_init_clock_1                    0x0800026f   Thumb Code     0  libinit2.o(.ARM.Collect$$libinit$$00000021)
    __rt_lib_init_cpp_1                      0x0800026f   Thumb Code     0  libinit2.o(.ARM.Collect$$libinit$$00000032)
    __rt_lib_init_exceptions_1               0x0800026f   Thumb Code     0  libinit2.o(.ARM.Collect$$libinit$$00000030)
    __rt_lib_init_fp_trap_1                  0x0800026f   Thumb Code     0  libinit2.o(.ARM.Collect$$libinit$$0000001F)
    __rt_lib_init_getenv_1                   0x0800026f   Thumb Code     0  libinit2.o(.ARM.Collect$$libinit$$00000023)
    __rt_lib_init_heap_1                     0x0800026f   Thumb Code     0  libinit2.o(.ARM.Collect$$libinit$$0000000A)
    __rt_lib_init_lc_collate_1               0x0800026f   Thumb Code     0  libinit2.o(.ARM.Collect$$libinit$$00000011)
    __rt_lib_init_lc_ctype_1                 0x0800026f   Thumb Code     0  libinit2.o(.ARM.Collect$$libinit$$00000013)
    __rt_lib_init_lc_monetary_1              0x0800026f   Thumb Code     0  libinit2.o(.ARM.Collect$$libinit$$00000015)
    __rt_lib_init_lc_numeric_1               0x0800026f   Thumb Code     0  libinit2.o(.ARM.Collect$$libinit$$00000017)
    __rt_lib_init_lc_time_1                  0x0800026f   Thumb Code     0  libinit2.o(.ARM.Collect$$libinit$$00000019)
    __rt_lib_init_preinit_1                  0x0800026f   Thumb Code     0  libinit2.o(.ARM.Collect$$libinit$$00000004)
    __rt_lib_init_rand_1                     0x0800026f   Thumb Code     0  libinit2.o(.ARM.Collect$$libinit$$0000000E)
    __rt_lib_init_return                     0x0800026f   Thumb Code     0  libinit2.o(.ARM.Collect$$libinit$$00000033)
    __rt_lib_init_signal_1                   0x0800026f   Thumb Code     0  libinit2.o(.ARM.Collect$$libinit$$0000001D)
    __rt_lib_init_stdio_1                    0x0800026f   Thumb Code     0  libinit2.o(.ARM.Collect$$libinit$$00000025)
    __rt_lib_init_user_alloc_1               0x0800026f   Thumb Code     0  libinit2.o(.ARM.Collect$$libinit$$0000000C)
    __rt_lib_shutdown                        0x08000271   Thumb Code     0  libshutdown.o(.ARM.Collect$$libshutdown$$00000000)
    __rt_lib_shutdown_cpp_1                  0x08000273   Thumb Code     0  libshutdown2.o(.ARM.Collect$$libshutdown$$00000002)
    __rt_lib_shutdown_fp_trap_1              0x08000273   Thumb Code     0  libshutdown2.o(.ARM.Collect$$libshutdown$$00000007)
    __rt_lib_shutdown_heap_1                 0x08000273   Thumb Code     0  libshutdown2.o(.ARM.Collect$$libshutdown$$0000000F)
    __rt_lib_shutdown_return                 0x08000273   Thumb Code     0  libshutdown2.o(.ARM.Collect$$libshutdown$$00000010)
    __rt_lib_shutdown_signal_1               0x08000273   Thumb Code     0  libshutdown2.o(.ARM.Collect$$libshutdown$$0000000A)
    __rt_lib_shutdown_stdio_1                0x08000273   Thumb Code     0  libshutdown2.o(.ARM.Collect$$libshutdown$$00000004)
    __rt_lib_shutdown_user_alloc_1           0x08000273   Thumb Code     0  libshutdown2.o(.ARM.Collect$$libshutdown$$0000000C)
    __rt_entry                               0x08000275   Thumb Code     0  __rtentry.o(.ARM.Collect$$rtentry$$00000000)
    __rt_entry_presh_1                       0x08000275   Thumb Code     0  __rtentry2.o(.ARM.Collect$$rtentry$$00000002)
    __rt_entry_sh                            0x08000275   Thumb Code     0  __rtentry4.o(.ARM.Collect$$rtentry$$00000004)
    __rt_entry_li                            0x0800027b   Thumb Code     0  __rtentry2.o(.ARM.Collect$$rtentry$$0000000A)
    __rt_entry_postsh_1                      0x0800027b   Thumb Code     0  __rtentry2.o(.ARM.Collect$$rtentry$$00000009)
    __rt_entry_main                          0x0800027f   Thumb Code     0  __rtentry2.o(.ARM.Collect$$rtentry$$0000000D)
    __rt_entry_postli_1                      0x0800027f   Thumb Code     0  __rtentry2.o(.ARM.Collect$$rtentry$$0000000C)
    __rt_exit                                0x08000287   Thumb Code     0  rtexit.o(.ARM.Collect$$rtexit$$00000000)
    __rt_exit_ls                             0x08000289   Thumb Code     0  rtexit2.o(.ARM.Collect$$rtexit$$00000003)
    __rt_exit_prels_1                        0x08000289   Thumb Code     0  rtexit2.o(.ARM.Collect$$rtexit$$00000002)
    __rt_exit_exit                           0x0800028d   Thumb Code     0  rtexit2.o(.ARM.Collect$$rtexit$$00000004)
    Reset_Handler                            0x08000295   Thumb Code     8  startup_stm32f411xe.o(.text)
    ADC_IRQHandler                           0x080002af   Thumb Code     0  startup_stm32f411xe.o(.text)
    DMA1_Stream0_IRQHandler                  0x080002af   Thumb Code     0  startup_stm32f411xe.o(.text)
    DMA1_Stream1_IRQHandler                  0x080002af   Thumb Code     0  startup_stm32f411xe.o(.text)
    DMA1_Stream2_IRQHandler                  0x080002af   Thumb Code     0  startup_stm32f411xe.o(.text)
    DMA1_Stream3_IRQHandler                  0x080002af   Thumb Code     0  startup_stm32f411xe.o(.text)
    DMA1_Stream4_IRQHandler                  0x080002af   Thumb Code     0  startup_stm32f411xe.o(.text)
    DMA1_Stream5_IRQHandler                  0x080002af   Thumb Code     0  startup_stm32f411xe.o(.text)
    DMA1_Stream6_IRQHandler                  0x080002af   Thumb Code     0  startup_stm32f411xe.o(.text)
    DMA1_Stream7_IRQHandler                  0x080002af   Thumb Code     0  startup_stm32f411xe.o(.text)
    DMA2_Stream0_IRQHandler                  0x080002af   Thumb Code     0  startup_stm32f411xe.o(.text)
    DMA2_Stream1_IRQHandler                  0x080002af   Thumb Code     0  startup_stm32f411xe.o(.text)
    DMA2_Stream2_IRQHandler                  0x080002af   Thumb Code     0  startup_stm32f411xe.o(.text)
    DMA2_Stream3_IRQHandler                  0x080002af   Thumb Code     0  startup_stm32f411xe.o(.text)
    DMA2_Stream4_IRQHandler                  0x080002af   Thumb Code     0  startup_stm32f411xe.o(.text)
    DMA2_Stream5_IRQHandler                  0x080002af   Thumb Code     0  startup_stm32f411xe.o(.text)
    DMA2_Stream6_IRQHandler                  0x080002af   Thumb Code     0  startup_stm32f411xe.o(.text)
    DMA2_Stream7_IRQHandler                  0x080002af   Thumb Code     0  startup_stm32f411xe.o(.text)
    EXTI0_IRQHandler                         0x080002af   Thumb Code     0  startup_stm32f411xe.o(.text)
    EXTI15_10_IRQHandler                     0x080002af   Thumb Code     0  startup_stm32f411xe.o(.text)
    EXTI1_IRQHandler                         0x080002af   Thumb Code     0  startup_stm32f411xe.o(.text)
    EXTI2_IRQHandler                         0x080002af   Thumb Code     0  startup_stm32f411xe.o(.text)
    EXTI3_IRQHandler                         0x080002af   Thumb Code     0  startup_stm32f411xe.o(.text)
    EXTI4_IRQHandler                         0x080002af   Thumb Code     0  startup_stm32f411xe.o(.text)
    EXTI9_5_IRQHandler                       0x080002af   Thumb Code     0  startup_stm32f411xe.o(.text)
    FLASH_IRQHandler                         0x080002af   Thumb Code     0  startup_stm32f411xe.o(.text)
    FPU_IRQHandler                           0x080002af   Thumb Code     0  startup_stm32f411xe.o(.text)
    I2C1_ER_IRQHandler                       0x080002af   Thumb Code     0  startup_stm32f411xe.o(.text)
    I2C1_EV_IRQHandler                       0x080002af   Thumb Code     0  startup_stm32f411xe.o(.text)
    I2C2_ER_IRQHandler                       0x080002af   Thumb Code     0  startup_stm32f411xe.o(.text)
    I2C2_EV_IRQHandler                       0x080002af   Thumb Code     0  startup_stm32f411xe.o(.text)
    I2C3_ER_IRQHandler                       0x080002af   Thumb Code     0  startup_stm32f411xe.o(.text)
    I2C3_EV_IRQHandler                       0x080002af   Thumb Code     0  startup_stm32f411xe.o(.text)
    OTG_FS_IRQHandler                        0x080002af   Thumb Code     0  startup_stm32f411xe.o(.text)
    OTG_FS_WKUP_IRQHandler                   0x080002af   Thumb Code     0  startup_stm32f411xe.o(.text)
    PVD_IRQHandler                           0x080002af   Thumb Code     0  startup_stm32f411xe.o(.text)
    RCC_IRQHandler                           0x080002af   Thumb Code     0  startup_stm32f411xe.o(.text)
    RTC_Alarm_IRQHandler                     0x080002af   Thumb Code     0  startup_stm32f411xe.o(.text)
    RTC_WKUP_IRQHandler                      0x080002af   Thumb Code     0  startup_stm32f411xe.o(.text)
    SDIO_IRQHandler                          0x080002af   Thumb Code     0  startup_stm32f411xe.o(.text)
    SPI1_IRQHandler                          0x080002af   Thumb Code     0  startup_stm32f411xe.o(.text)
    SPI2_IRQHandler                          0x080002af   Thumb Code     0  startup_stm32f411xe.o(.text)
    SPI3_IRQHandler                          0x080002af   Thumb Code     0  startup_stm32f411xe.o(.text)
    SPI4_IRQHandler                          0x080002af   Thumb Code     0  startup_stm32f411xe.o(.text)
    SPI5_IRQHandler                          0x080002af   Thumb Code     0  startup_stm32f411xe.o(.text)
    TAMP_STAMP_IRQHandler                    0x080002af   Thumb Code     0  startup_stm32f411xe.o(.text)
    TIM1_BRK_TIM9_IRQHandler                 0x080002af   Thumb Code     0  startup_stm32f411xe.o(.text)
    TIM1_CC_IRQHandler                       0x080002af   Thumb Code     0  startup_stm32f411xe.o(.text)
    TIM1_TRG_COM_TIM11_IRQHandler            0x080002af   Thumb Code     0  startup_stm32f411xe.o(.text)
    TIM1_UP_TIM10_IRQHandler                 0x080002af   Thumb Code     0  startup_stm32f411xe.o(.text)
    TIM2_IRQHandler                          0x080002af   Thumb Code     0  startup_stm32f411xe.o(.text)
    TIM3_IRQHandler                          0x080002af   Thumb Code     0  startup_stm32f411xe.o(.text)
    TIM4_IRQHandler                          0x080002af   Thumb Code     0  startup_stm32f411xe.o(.text)
    TIM5_IRQHandler                          0x080002af   Thumb Code     0  startup_stm32f411xe.o(.text)
    USART2_IRQHandler                        0x080002af   Thumb Code     0  startup_stm32f411xe.o(.text)
    USART6_IRQHandler                        0x080002af   Thumb Code     0  startup_stm32f411xe.o(.text)
    WWDG_IRQHandler                          0x080002af   Thumb Code     0  startup_stm32f411xe.o(.text)
    __user_initial_stackheap                 0x080002b1   Thumb Code     0  startup_stm32f411xe.o(.text)
    __aeabi_uldivmod                         0x080002d5   Thumb Code     0  lludivv7m.o(.text)
    _ll_udiv                                 0x080002d5   Thumb Code   238  lludivv7m.o(.text)
    __2snprintf                              0x080003c5   Thumb Code    48  noretval__2snprintf.o(.text)
    _printf_pre_padding                      0x080003f9   Thumb Code    44  _printf_pad.o(.text)
    _printf_post_padding                     0x08000425   Thumb Code    34  _printf_pad.o(.text)
    _printf_str                              0x08000447   Thumb Code    82  _printf_str.o(.text)
    _printf_int_dec                          0x08000499   Thumb Code   104  _printf_dec.o(.text)
    _printf_int_hex                          0x08000511   Thumb Code    84  _printf_hex_int.o(.text)
    _printf_longlong_hex                     0x08000511   Thumb Code     0  _printf_hex_int.o(.text)
    __printf                                 0x08000569   Thumb Code   388  __printf_flags_ss_wp.o(.text)
    memcmp                                   0x080006f1   Thumb Code    88  memcmp.o(.text)
    strlen                                   0x08000749   Thumb Code    62  strlen.o(.text)
    __aeabi_memcpy4                          0x08000787   Thumb Code     0  rt_memcpy_w.o(.text)
    __aeabi_memcpy8                          0x08000787   Thumb Code     0  rt_memcpy_w.o(.text)
    __rt_memcpy_w                            0x08000787   Thumb Code   100  rt_memcpy_w.o(.text)
    _memcpy_lastbytes_aligned                0x080007cf   Thumb Code     0  rt_memcpy_w.o(.text)
    __aeabi_memclr4                          0x080007eb   Thumb Code     0  rt_memclr_w.o(.text)
    __aeabi_memclr8                          0x080007eb   Thumb Code     0  rt_memclr_w.o(.text)
    __rt_memclr_w                            0x080007eb   Thumb Code    78  rt_memclr_w.o(.text)
    _memset_w                                0x080007ef   Thumb Code     0  rt_memclr_w.o(.text)
    __use_two_region_memory                  0x08000839   Thumb Code     2  heapauxi.o(.text)
    __rt_heap_escrow                         0x0800083b   Thumb Code     2  heapauxi.o(.text)
    __rt_heap_expand                         0x0800083d   Thumb Code     2  heapauxi.o(.text)
    __read_errno                             0x0800083f   Thumb Code    10  _rserrno.o(.text)
    __set_errno                              0x08000849   Thumb Code    12  _rserrno.o(.text)
    _printf_int_common                       0x08000855   Thumb Code   178  _printf_intcommon.o(.text)
    _printf_char_common                      0x08000913   Thumb Code    32  _printf_char_common.o(.text)
    _sputc                                   0x08000939   Thumb Code    10  _sputc.o(.text)
    _snputc                                  0x08000943   Thumb Code    16  _snputc.o(.text)
    _printf_cs_common                        0x08000953   Thumb Code    20  _printf_char.o(.text)
    _printf_char                             0x08000967   Thumb Code    16  _printf_char.o(.text)
    _printf_string                           0x08000977   Thumb Code     8  _printf_char.o(.text)
    __user_libspace                          0x08000981   Thumb Code     8  libspace.o(.text)
    __user_perproc_libspace                  0x08000981   Thumb Code     0  libspace.o(.text)
    __user_perthread_libspace                0x08000981   Thumb Code     0  libspace.o(.text)
    __aeabi_errno_addr                       0x08000989   Thumb Code     8  rt_errno_addr_intlibspace.o(.text)
    __errno$intlibspace                      0x08000989   Thumb Code     0  rt_errno_addr_intlibspace.o(.text)
    __rt_errno_addr$intlibspace              0x08000989   Thumb Code     0  rt_errno_addr_intlibspace.o(.text)
    __I$use$semihosting                      0x08000991   Thumb Code     0  use_no_semi.o(.text)
    __use_no_semihosting_swi                 0x08000991   Thumb Code     2  use_no_semi.o(.text)
    __semihosting_library_function           0x08000993   Thumb Code     0  indicate_semi.o(.text)
    __user_setup_stackheap                   0x08000993   Thumb Code    74  sys_stackheap_outer.o(.text)
    exit                                     0x080009dd   Thumb Code    18  exit.o(.text)
    _sys_exit                                0x080009f1   Thumb Code     8  sys_exit.o(.text)
    BusFault_Handler                         0x080009fd   Thumb Code     2  stm32f4xx_it.o(i.BusFault_Handler)
    DebugMon_Handler                         0x080009ff   Thumb Code     2  stm32f4xx_it.o(i.DebugMon_Handler)
    HAL_CRC_Init                             0x08000a01   Thumb Code    34  stm32f4xx_hal_crc.o(i.HAL_CRC_Init)
    HAL_CRC_MspInit                          0x08000a25   Thumb Code    30  stm32f4xx_hal_msp.o(i.HAL_CRC_MspInit)
    HAL_DMA_Abort                            0x08000a4d   Thumb Code   146  stm32f4xx_hal_dma.o(i.HAL_DMA_Abort)
    HAL_DMA_Abort_IT                         0x08000adf   Thumb Code    36  stm32f4xx_hal_dma.o(i.HAL_DMA_Abort_IT)
    HAL_GPIO_Init                            0x08000b05   Thumb Code   446  stm32f4xx_hal_gpio.o(i.HAL_GPIO_Init)
    HAL_GetTick                              0x08000ce5   Thumb Code     6  stm32f4xx_hal.o(i.HAL_GetTick)
    HAL_IncTick                              0x08000cf1   Thumb Code    12  stm32f4xx_hal.o(i.HAL_IncTick)
    HAL_Init                                 0x08000d01   Thumb Code    48  stm32f4xx_hal.o(i.HAL_Init)
    HAL_InitTick                             0x08000d35   Thumb Code    54  stm32f4xx_hal.o(i.HAL_InitTick)
    HAL_MspInit                              0x08000d75   Thumb Code    42  stm32f4xx_hal_msp.o(i.HAL_MspInit)
    HAL_NVIC_EnableIRQ                       0x08000da5   Thumb Code    26  stm32f4xx_hal_cortex.o(i.HAL_NVIC_EnableIRQ)
    HAL_NVIC_SetPriority                     0x08000dc1   Thumb Code    60  stm32f4xx_hal_cortex.o(i.HAL_NVIC_SetPriority)
    HAL_NVIC_SetPriorityGrouping             0x08000e01   Thumb Code    26  stm32f4xx_hal_cortex.o(i.HAL_NVIC_SetPriorityGrouping)
    HAL_RCC_ClockConfig                      0x08000e25   Thumb Code   288  stm32f4xx_hal_rcc.o(i.HAL_RCC_ClockConfig)
    HAL_RCC_GetPCLK1Freq                     0x08000f59   Thumb Code    20  stm32f4xx_hal_rcc.o(i.HAL_RCC_GetPCLK1Freq)
    HAL_RCC_GetPCLK2Freq                     0x08000f79   Thumb Code    20  stm32f4xx_hal_rcc.o(i.HAL_RCC_GetPCLK2Freq)
    HAL_RCC_GetSysClockFreq                  0x08000f99   Thumb Code    88  stm32f4xx_hal_rcc.o(i.HAL_RCC_GetSysClockFreq)
    HAL_RCC_OscConfig                        0x08000ffd   Thumb Code   856  stm32f4xx_hal_rcc.o(i.HAL_RCC_OscConfig)
    HAL_SYSTICK_Config                       0x08001369   Thumb Code    40  stm32f4xx_hal_cortex.o(i.HAL_SYSTICK_Config)
    HAL_UARTEx_RxEventCallback               0x08001391   Thumb Code     2  stm32f4xx_hal_uart.o(i.HAL_UARTEx_RxEventCallback)
    HAL_UART_ErrorCallback                   0x08001395   Thumb Code    28  iris_uart.o(i.HAL_UART_ErrorCallback)
    HAL_UART_IRQHandler                      0x080013bd   Thumb Code   636  stm32f4xx_hal_uart.o(i.HAL_UART_IRQHandler)
    HAL_UART_Init                            0x0800163d   Thumb Code   100  stm32f4xx_hal_uart.o(i.HAL_UART_Init)
    HAL_UART_MspInit                         0x080016a1   Thumb Code   110  stm32f4xx_hal_msp.o(i.HAL_UART_MspInit)
    HAL_UART_Receive_IT                      0x0800171d   Thumb Code    28  stm32f4xx_hal_uart.o(i.HAL_UART_Receive_IT)
    HAL_UART_RxCpltCallback                  0x08001739   Thumb Code    82  iris_uart.o(i.HAL_UART_RxCpltCallback)
    HAL_UART_Transmit                        0x0800179d   Thumb Code   160  stm32f4xx_hal_uart.o(i.HAL_UART_Transmit)
    HAL_UART_TxCpltCallback                  0x0800183d   Thumb Code     2  stm32f4xx_hal_uart.o(i.HAL_UART_TxCpltCallback)
    HardFault_Handler                        0x0800183f   Thumb Code     2  stm32f4xx_it.o(i.HardFault_Handler)
    IrisAI_Init                              0x08001841   Thumb Code   106  iris_ai.o(i.IrisAI_Init)
    IrisAI_LastError                         0x080018b9   Thumb Code     6  iris_ai.o(i.IrisAI_LastError)
    IrisAI_Predict                           0x080018c5   Thumb Code   176  iris_ai.o(i.IrisAI_Predict)
    IrisApp_Init                             0x08001981   Thumb Code    78  iris_uart.o(i.IrisApp_Init)
    IrisApp_Process                          0x08001a3d   Thumb Code    58  iris_uart.o(i.IrisApp_Process)
    MemManage_Handler                        0x08001a81   Thumb Code     2  stm32f4xx_it.o(i.MemManage_Handler)
    NMI_Handler                              0x08001a83   Thumb Code     2  stm32f4xx_it.o(i.NMI_Handler)
    PendSV_Handler                           0x08001a85   Thumb Code     2  stm32f4xx_it.o(i.PendSV_Handler)
    SVC_Handler                              0x08001a87   Thumb Code     2  stm32f4xx_it.o(i.SVC_Handler)
    SysTick_Handler                          0x08001a89   Thumb Code     4  stm32f4xx_it.o(i.SysTick_Handler)
    SystemClock_Config                       0x08001a8d   Thumb Code   136  main.o(i.SystemClock_Config)
    SystemInit                               0x08001b1d   Thumb Code    12  system_stm32f4xx.o(i.SystemInit)
    UART_Start_Receive_IT                    0x08001d59   Thumb Code    54  stm32f4xx_hal_uart.o(i.UART_Start_Receive_IT)
    USART1_IRQHandler                        0x08001e01   Thumb Code     6  stm32f4xx_it.o(i.USART1_IRQHandler)
    UsageFault_Handler                       0x08001e0d   Thumb Code     2  stm32f4xx_it.o(i.UsageFault_Handler)
    __ARM_fpclassifyf                        0x08001e0f   Thumb Code    38  fpclassifyf.o(i.__ARM_fpclassifyf)
    __hardfp_expf                            0x08001f89   Thumb Code   426  expf.o(i.__hardfp_expf)
    __mathlib_expf                           0x08001f89   Thumb Code     0  expf.o(i.__hardfp_expf)
    __mathlib_flt_infnan                     0x08002171   Thumb Code     6  funder.o(i.__mathlib_flt_infnan)
    __mathlib_flt_overflow                   0x08002179   Thumb Code    10  funder.o(i.__mathlib_flt_overflow)
    __mathlib_flt_underflow                  0x08002189   Thumb Code    10  funder.o(i.__mathlib_flt_underflow)
    _is_digit                                0x080022c5   Thumb Code    14  __printf_wp.o(i._is_digit)
    ai_array_get_data_byte_size              0x08002953   Thumb Code    30  ai_datatypes_format.o(i.ai_array_get_data_byte_size)
    ai_array_to_buffer_fmt                   0x08002971   Thumb Code   248  ai_datatypes_format.o(i.ai_array_to_buffer_fmt)
    ai_buffer_array_item_set_address         0x08002a9d   Thumb Code    36  ai_platform.o(i.ai_buffer_array_item_set_address)
    ai_buffer_array_sane                     0x08002ac1   Thumb Code    18  ai_platform.o(i.ai_buffer_array_sane)
    ai_buffer_get_size                       0x08002ad5   Thumb Code    96  ai_platform.o(i.ai_buffer_get_size)
    ai_check_custom_types                    0x08002b3d   Thumb Code    38  layers.o(i.ai_check_custom_types)
    ai_layers_forward_all                    0x08002b69   Thumb Code    80  layers.o(i.ai_layers_forward_all)
    ai_layers_init_all                       0x08002bb9   Thumb Code    30  layers.o(i.ai_layers_init_all)
    ai_layers_post_init_all                  0x08002bd7   Thumb Code    54  layers.o(i.ai_layers_post_init_all)
    ai_network_create                        0x08002c0d   Thumb Code    20  network.o(i.ai_network_create)
    ai_network_create_and_init               0x08002c25   Thumb Code   136  network.o(i.ai_network_create_and_init)
    ai_network_data_params_get               0x08002cad   Thumb Code    36  network_data.o(i.ai_network_data_params_get)
    ai_network_get_error                     0x08002cd5   Thumb Code     4  network.o(i.ai_network_get_error)
    ai_network_init                          0x08002cd9   Thumb Code    48  network.o(i.ai_network_init)
    ai_network_inputs_get                    0x08002d09   Thumb Code    12  network.o(i.ai_network_inputs_get)
    ai_network_outputs_get                   0x08002d1d   Thumb Code    12  network.o(i.ai_network_outputs_get)
    ai_network_run                           0x08002d31   Thumb Code     4  network.o(i.ai_network_run)
    ai_platform_bind_network_params          0x08002d35   Thumb Code    38  ai_platform_interface.o(i.ai_platform_bind_network_params)
    ai_platform_context_acquire              0x08002d61   Thumb Code    14  ai_platform_interface.o(i.ai_platform_context_acquire)
    ai_platform_get_activations_map          0x08002d75   Thumb Code    38  ai_platform_interface.o(i.ai_platform_get_activations_map)
    ai_platform_get_weights_map              0x08002da1   Thumb Code    36  ai_platform_interface.o(i.ai_platform_get_weights_map)
    ai_platform_inputs_get                   0x08002dc9   Thumb Code    66  ai_platform_interface.o(i.ai_platform_inputs_get)
    ai_platform_network_create               0x08002e0d   Thumb Code   146  ai_platform_interface.o(i.ai_platform_network_create)
    ai_platform_network_get_error            0x08002ea9   Thumb Code    24  ai_platform_interface.o(i.ai_platform_network_get_error)
    ai_platform_network_init                 0x08002ec5   Thumb Code   262  ai_platform_interface.o(i.ai_platform_network_init)
    ai_platform_network_post_init            0x08002fdd   Thumb Code    76  ai_platform_interface.o(i.ai_platform_network_post_init)
    ai_platform_network_process              0x0800302d   Thumb Code    84  ai_platform_interface.o(i.ai_platform_network_process)
    ai_platform_network_set_error            0x08003081   Thumb Code    12  ai_platform_interface.o(i.ai_platform_network_set_error)
    ai_platform_outputs_get                  0x0800308d   Thumb Code    72  ai_platform_interface.o(i.ai_platform_outputs_get)
    ai_version_get                           0x080030ef   Thumb Code    12  ai_datatypes_internal.o(i.ai_version_get)
    core_get_error                           0x08003117   Thumb Code    12  core_common.o(i.core_get_error)
    core_init                                0x08003123   Thumb Code     4  core_common.o(i.core_init)
    core_set_error                           0x08003127   Thumb Code    26  core_common.o(i.core_set_error)
    forward_dense                            0x08003141   Thumb Code   322  layers_conv2d_generic_float.o(i.forward_dense)
    forward_lite_dense_if32of32wf32          0x08003289   Thumb Code   148  lite_dense_if32.o(i.forward_lite_dense_if32of32wf32)
    forward_lite_dense_if32of32wf32_lut4     0x08003321   Thumb Code   168  lite_dense_if32.o(i.forward_lite_dense_if32of32wf32_lut4)
    forward_lite_dense_if32of32wf32_lut8     0x080033cd   Thumb Code   168  lite_dense_if32.o(i.forward_lite_dense_if32of32wf32_lut8)
    forward_lite_nl_relu_generic_if32of32_kernel 0x08003479   Thumb Code   168  lite_nl_relu_if32of32.o(i.forward_lite_nl_relu_generic_if32of32_kernel)
    forward_lite_nl_softmax_if32of32         0x08003525   Thumb Code    86  lite_nl_generic_float.o(i.forward_lite_nl_softmax_if32of32)
    forward_lite_nl_softmax_if32of32_kernel  0x0800357d   Thumb Code   158  lite_nl_softmax_if32of32.o(i.forward_lite_nl_softmax_if32of32_kernel)
    forward_relu                             0x08003621   Thumb Code   202  layers_nl_generic_float.o(i.forward_relu)
    forward_sm                               0x080036f1   Thumb Code   140  layers_nl_generic_float.o(i.forward_sm)
    get_tensor_byte_size                     0x0800377d   Thumb Code    34  ai_datatypes_internal.o(i.get_tensor_byte_size)
    main                                     0x080037a5   Thumb Code    94  main.o(i.main)
    st_int8_copy                             0x08003fd5   Thumb Code   144  st_int8_fill.o(i.st_int8_copy)
    _fp_init                                 0x08004089   Thumb Code    10  fpinit.o(x$fpl$fpinit)
    __fplib_config_fpu_vfp                   0x08004091   Thumb Code     0  fpinit.o(x$fpl$fpinit)
    __fplib_config_pureend_doubles           0x08004091   Thumb Code     0  fpinit.o(x$fpl$fpinit)
    __I$use$fp                               0x08004092   Number         0  usenofp.o(x$fpl$usenofp)
    s_network_weights_array_u64              0x08004140   Data         560  network_data_params.o(.constdata)
    AHBPrescTable                            0x080043a0   Data          16  system_stm32f4xx.o(.constdata)
    APBPrescTable                            0x080043b0   Data           8  system_stm32f4xx.o(.constdata)
    Region$$Table$$Base                      0x08004518   Number         0  anon$$obj.o(Region$$Table)
    Region$$Table$$Limit                     0x08004538   Number         0  anon$$obj.o(Region$$Table)
    g_network_data_map_activations           0x20000734   Data          28  network_data.o(.data)
    g_network_data_map_weights               0x20000750   Data          28  network_data.o(.data)
    hcrc                                     0x2000076c   Data           8  main.o(.data)
    uwTickFreq                               0x20000794   Data           1  stm32f4xx_hal.o(.data)
    uwTickPrio                               0x20000798   Data           4  stm32f4xx_hal.o(.data)
    uwTick                                   0x2000079c   Data           4  stm32f4xx_hal.o(.data)
    SystemCoreClock                          0x200007a0   Data           4  system_stm32f4xx.o(.data)
    huart1                                   0x200007fc   Data          72  main.o(.bss)
    __libspace_start                         0x20000930   Data          96  libspace.o(.bss)
    __temporary_stack_top$libspace           0x20000990   Data           0  libspace.o(.bss)



==============================================================================

Memory Map of the image

  Image Entry point : 0x08000199

  Load Region LR_IROM1 (Base: 0x08000000, Size: 0x00004cdc, Max: 0x00040000, ABSOLUTE, COMPRESSED[0x000047b0])

    Execution Region ER_IROM1 (Exec base: 0x08000000, Load base: 0x08000000, Size: 0x00004538, Max: 0x00040000, ABSOLUTE)

    Exec Addr    Load Addr    Size         Type   Attr      Idx    E Section Name        Object

    0x08000000   0x08000000   0x00000198   Data   RO            3    RESET               startup_stm32f411xe.o
    0x08000198   0x08000198   0x00000008   Code   RO         3944  * !!!main             c_w.l(__main.o)
    0x080001a0   0x080001a0   0x00000034   Code   RO         4530    !!!scatter          c_w.l(__scatter.o)
    0x080001d4   0x080001d4   0x0000005a   Code   RO         4528    !!dczerorl2         c_w.l(__dczerorl2.o)
    0x0800022e   0x0800022e   0x00000002   PAD
    0x08000230   0x08000230   0x0000001c   Code   RO         4532    !!handler_zi        c_w.l(__scatter_zi.o)
    0x0800024c   0x0800024c   0x00000000   Code   RO         3933    .ARM.Collect$$_printf_percent$$00000000  c_w.l(_printf_percent.o)
    0x0800024c   0x0800024c   0x00000006   Code   RO         3931    .ARM.Collect$$_printf_percent$$00000009  c_w.l(_printf_d.o)
    0x08000252   0x08000252   0x00000006   Code   RO         3932    .ARM.Collect$$_printf_percent$$0000000A  c_w.l(_printf_u.o)
    0x08000258   0x08000258   0x00000006   Code   RO         3930    .ARM.Collect$$_printf_percent$$0000000C  c_w.l(_printf_x.o)
    0x0800025e   0x0800025e   0x00000006   Code   RO         3929    .ARM.Collect$$_printf_percent$$00000014  c_w.l(_printf_s.o)
    0x08000264   0x08000264   0x00000004   Code   RO         4222    .ARM.Collect$$_printf_percent$$00000017  c_w.l(_printf_percent_end.o)
    0x08000268   0x08000268   0x00000002   Code   RO         4441    .ARM.Collect$$libinit$$00000000  c_w.l(libinit.o)
    0x0800026a   0x0800026a   0x00000004   Code   RO         4231    .ARM.Collect$$libinit$$00000001  c_w.l(libinit2.o)
    0x0800026e   0x0800026e   0x00000000   Code   RO         4234    .ARM.Collect$$libinit$$00000004  c_w.l(libinit2.o)
    0x0800026e   0x0800026e   0x00000000   Code   RO         4237    .ARM.Collect$$libinit$$0000000A  c_w.l(libinit2.o)
    0x0800026e   0x0800026e   0x00000000   Code   RO         4239    .ARM.Collect$$libinit$$0000000C  c_w.l(libinit2.o)
    0x0800026e   0x0800026e   0x00000000   Code   RO         4241    .ARM.Collect$$libinit$$0000000E  c_w.l(libinit2.o)
    0x0800026e   0x0800026e   0x00000000   Code   RO         4244    .ARM.Collect$$libinit$$00000011  c_w.l(libinit2.o)
    0x0800026e   0x0800026e   0x00000000   Code   RO         4246    .ARM.Collect$$libinit$$00000013  c_w.l(libinit2.o)
    0x0800026e   0x0800026e   0x00000000   Code   RO         4248    .ARM.Collect$$libinit$$00000015  c_w.l(libinit2.o)
    0x0800026e   0x0800026e   0x00000000   Code   RO         4250    .ARM.Collect$$libinit$$00000017  c_w.l(libinit2.o)
    0x0800026e   0x0800026e   0x00000000   Code   RO         4252    .ARM.Collect$$libinit$$00000019  c_w.l(libinit2.o)
    0x0800026e   0x0800026e   0x00000000   Code   RO         4254    .ARM.Collect$$libinit$$0000001B  c_w.l(libinit2.o)
    0x0800026e   0x0800026e   0x00000000   Code   RO         4256    .ARM.Collect$$libinit$$0000001D  c_w.l(libinit2.o)
    0x0800026e   0x0800026e   0x00000000   Code   RO         4258    .ARM.Collect$$libinit$$0000001F  c_w.l(libinit2.o)
    0x0800026e   0x0800026e   0x00000000   Code   RO         4260    .ARM.Collect$$libinit$$00000021  c_w.l(libinit2.o)
    0x0800026e   0x0800026e   0x00000000   Code   RO         4262    .ARM.Collect$$libinit$$00000023  c_w.l(libinit2.o)
    0x0800026e   0x0800026e   0x00000000   Code   RO         4264    .ARM.Collect$$libinit$$00000025  c_w.l(libinit2.o)
    0x0800026e   0x0800026e   0x00000000   Code   RO         4268    .ARM.Collect$$libinit$$0000002C  c_w.l(libinit2.o)
    0x0800026e   0x0800026e   0x00000000   Code   RO         4270    .ARM.Collect$$libinit$$0000002E  c_w.l(libinit2.o)
    0x0800026e   0x0800026e   0x00000000   Code   RO         4272    .ARM.Collect$$libinit$$00000030  c_w.l(libinit2.o)
    0x0800026e   0x0800026e   0x00000000   Code   RO         4274    .ARM.Collect$$libinit$$00000032  c_w.l(libinit2.o)
    0x0800026e   0x0800026e   0x00000002   Code   RO         4275    .ARM.Collect$$libinit$$00000033  c_w.l(libinit2.o)
    0x08000270   0x08000270   0x00000002   Code   RO         4525    .ARM.Collect$$libshutdown$$00000000  c_w.l(libshutdown.o)
    0x08000272   0x08000272   0x00000000   Code   RO         4443    .ARM.Collect$$libshutdown$$00000002  c_w.l(libshutdown2.o)
    0x08000272   0x08000272   0x00000000   Code   RO         4445    .ARM.Collect$$libshutdown$$00000004  c_w.l(libshutdown2.o)
    0x08000272   0x08000272   0x00000000   Code   RO         4448    .ARM.Collect$$libshutdown$$00000007  c_w.l(libshutdown2.o)
    0x08000272   0x08000272   0x00000000   Code   RO         4451    .ARM.Collect$$libshutdown$$0000000A  c_w.l(libshutdown2.o)
    0x08000272   0x08000272   0x00000000   Code   RO         4453    .ARM.Collect$$libshutdown$$0000000C  c_w.l(libshutdown2.o)
    0x08000272   0x08000272   0x00000000   Code   RO         4456    .ARM.Collect$$libshutdown$$0000000F  c_w.l(libshutdown2.o)
    0x08000272   0x08000272   0x00000002   Code   RO         4457    .ARM.Collect$$libshutdown$$00000010  c_w.l(libshutdown2.o)
    0x08000274   0x08000274   0x00000000   Code   RO         4178    .ARM.Collect$$rtentry$$00000000  c_w.l(__rtentry.o)
    0x08000274   0x08000274   0x00000000   Code   RO         4335    .ARM.Collect$$rtentry$$00000002  c_w.l(__rtentry2.o)
    0x08000274   0x08000274   0x00000006   Code   RO         4347    .ARM.Collect$$rtentry$$00000004  c_w.l(__rtentry4.o)
    0x0800027a   0x0800027a   0x00000000   Code   RO         4337    .ARM.Collect$$rtentry$$00000009  c_w.l(__rtentry2.o)
    0x0800027a   0x0800027a   0x00000004   Code   RO         4338    .ARM.Collect$$rtentry$$0000000A  c_w.l(__rtentry2.o)
    0x0800027e   0x0800027e   0x00000000   Code   RO         4340    .ARM.Collect$$rtentry$$0000000C  c_w.l(__rtentry2.o)
    0x0800027e   0x0800027e   0x00000008   Code   RO         4341    .ARM.Collect$$rtentry$$0000000D  c_w.l(__rtentry2.o)
    0x08000286   0x08000286   0x00000002   Code   RO         4462    .ARM.Collect$$rtexit$$00000000  c_w.l(rtexit.o)
    0x08000288   0x08000288   0x00000000   Code   RO         4491    .ARM.Collect$$rtexit$$00000002  c_w.l(rtexit2.o)
    0x08000288   0x08000288   0x00000004   Code   RO         4492    .ARM.Collect$$rtexit$$00000003  c_w.l(rtexit2.o)
    0x0800028c   0x0800028c   0x00000006   Code   RO         4493    .ARM.Collect$$rtexit$$00000004  c_w.l(rtexit2.o)
    0x08000292   0x08000292   0x00000002   PAD
    0x08000294   0x08000294   0x00000040   Code   RO            4    .text               startup_stm32f411xe.o
    0x080002d4   0x080002d4   0x000000ee   Code   RO         3870    .text               c_w.l(lludivv7m.o)
    0x080003c2   0x080003c2   0x00000002   PAD
    0x080003c4   0x080003c4   0x00000034   Code   RO         3878    .text               c_w.l(noretval__2snprintf.o)
    0x080003f8   0x080003f8   0x0000004e   Code   RO         3882    .text               c_w.l(_printf_pad.o)
    0x08000446   0x08000446   0x00000052   Code   RO         3884    .text               c_w.l(_printf_str.o)
    0x08000498   0x08000498   0x00000078   Code   RO         3886    .text               c_w.l(_printf_dec.o)
    0x08000510   0x08000510   0x00000058   Code   RO         3891    .text               c_w.l(_printf_hex_int.o)
    0x08000568   0x08000568   0x00000188   Code   RO         3926    .text               c_w.l(__printf_flags_ss_wp.o)
    0x080006f0   0x080006f0   0x00000058   Code   RO         3934    .text               c_w.l(memcmp.o)
    0x08000748   0x08000748   0x0000003e   Code   RO         3936    .text               c_w.l(strlen.o)
    0x08000786   0x08000786   0x00000064   Code   RO         3938    .text               c_w.l(rt_memcpy_w.o)
    0x080007ea   0x080007ea   0x0000004e   Code   RO         3940    .text               c_w.l(rt_memclr_w.o)
    0x08000838   0x08000838   0x00000006   Code   RO         3942    .text               c_w.l(heapauxi.o)
    0x0800083e   0x0800083e   0x00000016   Code   RO         4208    .text               c_w.l(_rserrno.o)
    0x08000854   0x08000854   0x000000b2   Code   RO         4210    .text               c_w.l(_printf_intcommon.o)
    0x08000906   0x08000906   0x00000002   PAD
    0x08000908   0x08000908   0x00000030   Code   RO         4212    .text               c_w.l(_printf_char_common.o)
    0x08000938   0x08000938   0x0000000a   Code   RO         4214    .text               c_w.l(_sputc.o)
    0x08000942   0x08000942   0x00000010   Code   RO         4216    .text               c_w.l(_snputc.o)
    0x08000952   0x08000952   0x0000002c   Code   RO         4218    .text               c_w.l(_printf_char.o)
    0x0800097e   0x0800097e   0x00000002   PAD
    0x08000980   0x08000980   0x00000008   Code   RO         4331    .text               c_w.l(libspace.o)
    0x08000988   0x08000988   0x00000008   Code   RO         4354    .text               c_w.l(rt_errno_addr_intlibspace.o)
    0x08000990   0x08000990   0x00000002   Code   RO         4396    .text               c_w.l(use_no_semi.o)
    0x08000992   0x08000992   0x00000000   Code   RO         4398    .text               c_w.l(indicate_semi.o)
    0x08000992   0x08000992   0x0000004a   Code   RO         4399    .text               c_w.l(sys_stackheap_outer.o)
    0x080009dc   0x080009dc   0x00000012   Code   RO         4418    .text               c_w.l(exit.o)
    0x080009ee   0x080009ee   0x00000002   PAD
    0x080009f0   0x080009f0   0x0000000c   Code   RO         4460    .text               c_w.l(sys_exit.o)
    0x080009fc   0x080009fc   0x00000002   Code   RO          672    i.BusFault_Handler  stm32f4xx_it.o
    0x080009fe   0x080009fe   0x00000002   Code   RO          673    i.DebugMon_Handler  stm32f4xx_it.o
    0x08000a00   0x08000a00   0x00000022   Code   RO          971    i.HAL_CRC_Init      stm32f4xx_hal_crc.o
    0x08000a22   0x08000a22   0x00000002   PAD
    0x08000a24   0x08000a24   0x00000028   Code   RO          755    i.HAL_CRC_MspInit   stm32f4xx_hal_msp.o
    0x08000a4c   0x08000a4c   0x00000092   Code   RO         1543    i.HAL_DMA_Abort     stm32f4xx_hal_dma.o
    0x08000ade   0x08000ade   0x00000024   Code   RO         1544    i.HAL_DMA_Abort_IT  stm32f4xx_hal_dma.o
    0x08000b02   0x08000b02   0x00000002   PAD
    0x08000b04   0x08000b04   0x000001e0   Code   RO         1436    i.HAL_GPIO_Init     stm32f4xx_hal_gpio.o
    0x08000ce4   0x08000ce4   0x0000000c   Code   RO         2010    i.HAL_GetTick       stm32f4xx_hal.o
    0x08000cf0   0x08000cf0   0x00000010   Code   RO         2016    i.HAL_IncTick       stm32f4xx_hal.o
    0x08000d00   0x08000d00   0x00000034   Code   RO         2017    i.HAL_Init          stm32f4xx_hal.o
    0x08000d34   0x08000d34   0x00000040   Code   RO         2018    i.HAL_InitTick      stm32f4xx_hal.o
    0x08000d74   0x08000d74   0x00000030   Code   RO          756    i.HAL_MspInit       stm32f4xx_hal_msp.o
    0x08000da4   0x08000da4   0x0000001a   Code   RO         1852    i.HAL_NVIC_EnableIRQ  stm32f4xx_hal_cortex.o
    0x08000dbe   0x08000dbe   0x00000002   PAD
    0x08000dc0   0x08000dc0   0x00000040   Code   RO         1858    i.HAL_NVIC_SetPriority  stm32f4xx_hal_cortex.o
    0x08000e00   0x08000e00   0x00000024   Code   RO         1859    i.HAL_NVIC_SetPriorityGrouping  stm32f4xx_hal_cortex.o
    0x08000e24   0x08000e24   0x00000134   Code   RO         1028    i.HAL_RCC_ClockConfig  stm32f4xx_hal_rcc.o
    0x08000f58   0x08000f58   0x00000020   Code   RO         1035    i.HAL_RCC_GetPCLK1Freq  stm32f4xx_hal_rcc.o
    0x08000f78   0x08000f78   0x00000020   Code   RO         1036    i.HAL_RCC_GetPCLK2Freq  stm32f4xx_hal_rcc.o
    0x08000f98   0x08000f98   0x00000064   Code   RO         1037    i.HAL_RCC_GetSysClockFreq  stm32f4xx_hal_rcc.o
    0x08000ffc   0x08000ffc   0x0000036c   Code   RO         1040    i.HAL_RCC_OscConfig  stm32f4xx_hal_rcc.o
    0x08001368   0x08001368   0x00000028   Code   RO         1863    i.HAL_SYSTICK_Config  stm32f4xx_hal_cortex.o
    0x08001390   0x08001390   0x00000002   Code   RO         2267    i.HAL_UARTEx_RxEventCallback  stm32f4xx_hal_uart.o
    0x08001392   0x08001392   0x00000002   PAD
    0x08001394   0x08001394   0x00000028   Code   RO          865    i.HAL_UART_ErrorCallback  iris_uart.o
    0x080013bc   0x080013bc   0x00000280   Code   RO         2284    i.HAL_UART_IRQHandler  stm32f4xx_hal_uart.o
    0x0800163c   0x0800163c   0x00000064   Code   RO         2285    i.HAL_UART_Init     stm32f4xx_hal_uart.o
    0x080016a0   0x080016a0   0x0000007c   Code   RO          758    i.HAL_UART_MspInit  stm32f4xx_hal_msp.o
    0x0800171c   0x0800171c   0x0000001c   Code   RO         2290    i.HAL_UART_Receive_IT  stm32f4xx_hal_uart.o
    0x08001738   0x08001738   0x00000064   Code   RO          866    i.HAL_UART_RxCpltCallback  iris_uart.o
    0x0800179c   0x0800179c   0x000000a0   Code   RO         2293    i.HAL_UART_Transmit  stm32f4xx_hal_uart.o
    0x0800183c   0x0800183c   0x00000002   Code   RO         2296    i.HAL_UART_TxCpltCallback  stm32f4xx_hal_uart.o
    0x0800183e   0x0800183e   0x00000002   Code   RO          674    i.HardFault_Handler  stm32f4xx_it.o
    0x08001840   0x08001840   0x00000078   Code   RO          802    i.IrisAI_Init       iris_ai.o
    0x080018b8   0x080018b8   0x0000000c   Code   RO          803    i.IrisAI_LastError  iris_ai.o
    0x080018c4   0x080018c4   0x000000bc   Code   RO          804    i.IrisAI_Predict    iris_ai.o
    0x08001980   0x08001980   0x000000bc   Code   RO          867    i.IrisApp_Init      iris_uart.o
    0x08001a3c   0x08001a3c   0x00000044   Code   RO          868    i.IrisApp_Process   iris_uart.o
    0x08001a80   0x08001a80   0x00000002   Code   RO          675    i.MemManage_Handler  stm32f4xx_it.o
    0x08001a82   0x08001a82   0x00000002   Code   RO          676    i.NMI_Handler       stm32f4xx_it.o
    0x08001a84   0x08001a84   0x00000002   Code   RO          677    i.PendSV_Handler    stm32f4xx_it.o
    0x08001a86   0x08001a86   0x00000002   Code   RO          678    i.SVC_Handler       stm32f4xx_it.o
    0x08001a88   0x08001a88   0x00000004   Code   RO          679    i.SysTick_Handler   stm32f4xx_it.o
    0x08001a8c   0x08001a8c   0x00000090   Code   RO          630    i.SystemClock_Config  main.o
    0x08001b1c   0x08001b1c   0x00000010   Code   RO         2619    i.SystemInit        system_stm32f4xx.o
    0x08001b2c   0x08001b2c   0x0000000e   Code   RO         2298    i.UART_DMAAbortOnError  stm32f4xx_hal_uart.o
    0x08001b3a   0x08001b3a   0x0000004e   Code   RO         2308    i.UART_EndRxTransfer  stm32f4xx_hal_uart.o
    0x08001b88   0x08001b88   0x000000c2   Code   RO         2310    i.UART_Receive_IT   stm32f4xx_hal_uart.o
    0x08001c4a   0x08001c4a   0x00000002   PAD
    0x08001c4c   0x08001c4c   0x0000010c   Code   RO         2311    i.UART_SetConfig    stm32f4xx_hal_uart.o
    0x08001d58   0x08001d58   0x00000036   Code   RO         2313    i.UART_Start_Receive_IT  stm32f4xx_hal_uart.o
    0x08001d8e   0x08001d8e   0x00000072   Code   RO         2314    i.UART_WaitOnFlagUntilTimeout  stm32f4xx_hal_uart.o
    0x08001e00   0x08001e00   0x0000000c   Code   RO          680    i.USART1_IRQHandler  stm32f4xx_it.o
    0x08001e0c   0x08001e0c   0x00000002   Code   RO          681    i.UsageFault_Handler  stm32f4xx_it.o
    0x08001e0e   0x08001e0e   0x00000026   Code   RO         4291    i.__ARM_fpclassifyf  m_wm.l(fpclassifyf.o)
    0x08001e34   0x08001e34   0x00000020   Code   RO         1865    i.__NVIC_SetPriority  stm32f4xx_hal_cortex.o
    0x08001e54   0x08001e54   0x00000134   Code   RO         3099    i.__ai_math_dot_array  NetworkRuntime1020_CM4_Keil.lib(lite_dense_if32.o)
    0x08001f88   0x08001f88   0x000001e8   Code   RO         4064    i.__hardfp_expf     m_wm.l(expf.o)
    0x08002170   0x08002170   0x00000006   Code   RO         4294    i.__mathlib_flt_infnan  m_wm.l(funder.o)
    0x08002176   0x08002176   0x00000002   PAD
    0x08002178   0x08002178   0x00000010   Code   RO         4297    i.__mathlib_flt_overflow  m_wm.l(funder.o)
    0x08002188   0x08002188   0x00000010   Code   RO         4299    i.__mathlib_flt_underflow  m_wm.l(funder.o)
    0x08002198   0x08002198   0x00000012   Code   RO         3025    i._ai_forward_layer  NetworkRuntime1020_CM4_Keil.lib(layers.o)
    0x080021aa   0x080021aa   0x00000002   PAD
    0x080021ac   0x080021ac   0x000000e0   Code   RO         2670    i._ai_platform_get_io_buffers_info  NetworkRuntime1020_CM4_Keil.lib(ai_platform_interface.o)
    0x0800228c   0x0800228c   0x00000038   Code   RO         2781    i._forward_lite_nl_relu_thresholded_if32of32  NetworkRuntime1020_CM4_Keil.lib(layers_nl_generic_float.o)
    0x080022c4   0x080022c4   0x0000000e   Code   RO         3919    i._is_digit         c_w.l(__printf_wp.o)
    0x080022d2   0x080022d2   0x00000002   PAD
    0x080022d4   0x080022d4   0x0000012c   Code   RO         3100    i._lite_dict4_dot_array_f32  NetworkRuntime1020_CM4_Keil.lib(lite_dense_if32.o)
    0x08002400   0x08002400   0x000000e8   Code   RO         3101    i._lite_dict8_dot_array_f32  NetworkRuntime1020_CM4_Keil.lib(lite_dense_if32.o)
    0x080024e8   0x080024e8   0x0000004c   Code   RO         2671    i._platform_ai_buffer_array_copy  NetworkRuntime1020_CM4_Keil.lib(ai_platform_interface.o)
    0x08002534   0x08002534   0x00000050   Code   RO         2672    i._platform_get_table_map_from_buffer  NetworkRuntime1020_CM4_Keil.lib(ai_platform_interface.o)
    0x08002584   0x08002584   0x00000044   Code   RO         2673    i._platform_get_table_map_from_buffer_array  NetworkRuntime1020_CM4_Keil.lib(ai_platform_interface.o)
    0x080025c8   0x080025c8   0x00000014   Code   RO         2674    i._platform_network_buffers_signature_valid  NetworkRuntime1020_CM4_Keil.lib(ai_platform_interface.o)
    0x080025dc   0x080025dc   0x00000210   Code   RO         2675    i._platform_network_io_bind  NetworkRuntime1020_CM4_Keil.lib(ai_platform_interface.o)
    0x080027ec   0x080027ec   0x0000003e   Code   RO         2676    i._platform_network_state_setup  NetworkRuntime1020_CM4_Keil.lib(ai_platform_interface.o)
    0x0800282a   0x0800282a   0x00000068   Code   RO         2677    i._platform_network_state_update_input  NetworkRuntime1020_CM4_Keil.lib(ai_platform_interface.o)
    0x08002892   0x08002892   0x0000007c   Code   RO         2678    i._platform_network_state_update_output  NetworkRuntime1020_CM4_Keil.lib(ai_platform_interface.o)
    0x0800290e   0x0800290e   0x00000044   Code   RO          869    i.accuracy_parts    iris_uart.o
    0x08002952   0x08002952   0x0000001e   Code   RO         2972    i.ai_array_get_data_byte_size  NetworkRuntime1020_CM4_Keil.lib(ai_datatypes_format.o)
    0x08002970   0x08002970   0x0000012c   Code   RO         2974    i.ai_array_to_buffer_fmt  NetworkRuntime1020_CM4_Keil.lib(ai_datatypes_format.o)
    0x08002a9c   0x08002a9c   0x00000024   Code   RO         2656    i.ai_buffer_array_item_set_address  NetworkRuntime1020_CM4_Keil.lib(ai_platform.o)
    0x08002ac0   0x08002ac0   0x00000012   Code   RO         2657    i.ai_buffer_array_sane  NetworkRuntime1020_CM4_Keil.lib(ai_platform.o)
    0x08002ad2   0x08002ad2   0x00000002   PAD
    0x08002ad4   0x08002ad4   0x00000068   Code   RO         2659    i.ai_buffer_get_size  NetworkRuntime1020_CM4_Keil.lib(ai_platform.o)
    0x08002b3c   0x08002b3c   0x0000002c   Code   RO         3027    i.ai_check_custom_types  NetworkRuntime1020_CM4_Keil.lib(layers.o)
    0x08002b68   0x08002b68   0x00000050   Code   RO         3031    i.ai_layers_forward_all  NetworkRuntime1020_CM4_Keil.lib(layers.o)
    0x08002bb8   0x08002bb8   0x0000001e   Code   RO         3032    i.ai_layers_init_all  NetworkRuntime1020_CM4_Keil.lib(layers.o)
    0x08002bd6   0x08002bd6   0x00000036   Code   RO         3033    i.ai_layers_post_init_all  NetworkRuntime1020_CM4_Keil.lib(layers.o)
    0x08002c0c   0x08002c0c   0x00000018   Code   RO           10    i.ai_network_create  network.o
    0x08002c24   0x08002c24   0x00000088   Code   RO           11    i.ai_network_create_and_init  network.o
    0x08002cac   0x08002cac   0x00000028   Code   RO          385    i.ai_network_data_params_get  network_data.o
    0x08002cd4   0x08002cd4   0x00000004   Code   RO           14    i.ai_network_get_error  network.o
    0x08002cd8   0x08002cd8   0x00000030   Code   RO           17    i.ai_network_init   network.o
    0x08002d08   0x08002d08   0x00000014   Code   RO           18    i.ai_network_inputs_get  network.o
    0x08002d1c   0x08002d1c   0x00000014   Code   RO           19    i.ai_network_outputs_get  network.o
    0x08002d30   0x08002d30   0x00000004   Code   RO           20    i.ai_network_run    network.o
    0x08002d34   0x08002d34   0x0000002c   Code   RO         2682    i.ai_platform_bind_network_params  NetworkRuntime1020_CM4_Keil.lib(ai_platform_interface.o)
    0x08002d60   0x08002d60   0x00000014   Code   RO         2683    i.ai_platform_context_acquire  NetworkRuntime1020_CM4_Keil.lib(ai_platform_interface.o)
    0x08002d74   0x08002d74   0x0000002c   Code   RO         2685    i.ai_platform_get_activations_map  NetworkRuntime1020_CM4_Keil.lib(ai_platform_interface.o)
    0x08002da0   0x08002da0   0x00000028   Code   RO         2686    i.ai_platform_get_weights_map  NetworkRuntime1020_CM4_Keil.lib(ai_platform_interface.o)
    0x08002dc8   0x08002dc8   0x00000042   Code   RO         2687    i.ai_platform_inputs_get  NetworkRuntime1020_CM4_Keil.lib(ai_platform_interface.o)
    0x08002e0a   0x08002e0a   0x00000002   PAD
    0x08002e0c   0x08002e0c   0x0000009c   Code   RO         2689    i.ai_platform_network_create  NetworkRuntime1020_CM4_Keil.lib(ai_platform_interface.o)
    0x08002ea8   0x08002ea8   0x0000001c   Code   RO         2691    i.ai_platform_network_get_error  NetworkRuntime1020_CM4_Keil.lib(ai_platform_interface.o)
    0x08002ec4   0x08002ec4   0x00000118   Code   RO         2692    i.ai_platform_network_init  NetworkRuntime1020_CM4_Keil.lib(ai_platform_interface.o)
    0x08002fdc   0x08002fdc   0x00000050   Code   RO         2693    i.ai_platform_network_post_init  NetworkRuntime1020_CM4_Keil.lib(ai_platform_interface.o)
    0x0800302c   0x0800302c   0x00000054   Code   RO         2694    i.ai_platform_network_process  NetworkRuntime1020_CM4_Keil.lib(ai_platform_interface.o)
    0x08003080   0x08003080   0x0000000c   Code   RO         2695    i.ai_platform_network_set_error  NetworkRuntime1020_CM4_Keil.lib(ai_platform_interface.o)
    0x0800308c   0x0800308c   0x00000048   Code   RO         2701    i.ai_platform_outputs_get  NetworkRuntime1020_CM4_Keil.lib(ai_platform_interface.o)
    0x080030d4   0x080030d4   0x0000001a   Code   RO         2782    i.ai_shape_get_size  NetworkRuntime1020_CM4_Keil.lib(layers_nl_generic_float.o)
    0x080030ee   0x080030ee   0x0000000c   Code   RO         2996    i.ai_version_get    NetworkRuntime1020_CM4_Keil.lib(ai_datatypes_internal.o)
    0x080030fa   0x080030fa   0x0000001c   Code   RO          870    i.consume_comma     iris_uart.o
    0x08003116   0x08003116   0x0000000c   Code   RO         3006    i.core_get_error    NetworkRuntime1020_CM4_Keil.lib(core_common.o)
    0x08003122   0x08003122   0x00000004   Code   RO         3007    i.core_init         NetworkRuntime1020_CM4_Keil.lib(core_common.o)
    0x08003126   0x08003126   0x0000001a   Code   RO         3008    i.core_set_error    NetworkRuntime1020_CM4_Keil.lib(core_common.o)
    0x08003140   0x08003140   0x00000148   Code   RO         2752    i.forward_dense     NetworkRuntime1020_CM4_Keil.lib(layers_conv2d_generic_float.o)
    0x08003288   0x08003288   0x00000098   Code   RO         3102    i.forward_lite_dense_if32of32wf32  NetworkRuntime1020_CM4_Keil.lib(lite_dense_if32.o)
    0x08003320   0x08003320   0x000000ac   Code   RO         3103    i.forward_lite_dense_if32of32wf32_lut4  NetworkRuntime1020_CM4_Keil.lib(lite_dense_if32.o)
    0x080033cc   0x080033cc   0x000000ac   Code   RO         3104    i.forward_lite_dense_if32of32wf32_lut8  NetworkRuntime1020_CM4_Keil.lib(lite_dense_if32.o)
    0x08003478   0x08003478   0x000000ac   Code   RO         3090    i.forward_lite_nl_relu_generic_if32of32_kernel  NetworkRuntime1020_CM4_Keil.lib(lite_nl_relu_if32of32.o)
    0x08003524   0x08003524   0x00000056   Code   RO         3155    i.forward_lite_nl_softmax_if32of32  NetworkRuntime1020_CM4_Keil.lib(lite_nl_generic_float.o)
    0x0800357a   0x0800357a   0x00000002   PAD
    0x0800357c   0x0800357c   0x000000a4   Code   RO         3079    i.forward_lite_nl_softmax_if32of32_kernel  NetworkRuntime1020_CM4_Keil.lib(lite_nl_softmax_if32of32.o)
    0x08003620   0x08003620   0x000000d0   Code   RO         2808    i.forward_relu      NetworkRuntime1020_CM4_Keil.lib(layers_nl_generic_float.o)
    0x080036f0   0x080036f0   0x0000008c   Code   RO         2817    i.forward_sm        NetworkRuntime1020_CM4_Keil.lib(layers_nl_generic_float.o)
    0x0800377c   0x0800377c   0x00000028   Code   RO         2997    i.get_tensor_byte_size  NetworkRuntime1020_CM4_Keil.lib(ai_datatypes_internal.o)
    0x080037a4   0x080037a4   0x00000074   Code   RO          631    i.main              main.o
    0x08003818   0x08003818   0x00000060   Code   RO           21    i.network_configure_activations  network.o
    0x08003878   0x08003878   0x0000009c   Code   RO           22    i.network_configure_weights  network.o
    0x08003914   0x08003914   0x00000016   Code   RO          871    i.only_spaces_left  iris_uart.o
    0x0800392a   0x0800392a   0x00000002   PAD
    0x0800392c   0x0800392c   0x000000b4   Code   RO          872    i.parse_float_token  iris_uart.o
    0x080039e0   0x080039e0   0x00000184   Code   RO          873    i.predict_and_reply  iris_uart.o
    0x08003b64   0x08003b64   0x00000054   Code   RO          874    i.probability_parts  iris_uart.o
    0x08003bb8   0x08003bb8   0x000002c0   Code   RO          875    i.process_line      iris_uart.o
    0x08003e78   0x08003e78   0x00000014   Code   RO          805    i.save_error        iris_ai.o
    0x08003e8c   0x08003e8c   0x00000134   Code   RO          876    i.send_help         iris_uart.o
    0x08003fc0   0x08003fc0   0x00000014   Code   RO          877    i.skip_spaces       iris_uart.o
    0x08003fd4   0x08003fd4   0x00000090   Code   RO         3749    i.st_int8_copy      NetworkRuntime1020_CM4_Keil.lib(st_int8_fill.o)
    0x08004064   0x08004064   0x00000024   Code   RO          878    i.uart_write        iris_uart.o
    0x08004088   0x08004088   0x0000000a   Code   RO         4389    x$fpl$fpinit        fz_wm.l(fpinit.o)
    0x08004092   0x08004092   0x00000000   Code   RO         4284    x$fpl$usenofp       fz_wm.l(usenofp.o)
    0x08004092   0x08004092   0x00000002   PAD
    0x08004094   0x08004094   0x00000008   Data   RO           27    .constdata          network.o
    0x0800409c   0x0800409c   0x00000008   Data   RO           28    .constdata          network.o
    0x080040a4   0x080040a4   0x00000008   Data   RO           29    .constdata          network.o
    0x080040ac   0x080040ac   0x00000008   Data   RO           30    .constdata          network.o
    0x080040b4   0x080040b4   0x00000008   Data   RO           31    .constdata          network.o
    0x080040bc   0x080040bc   0x00000008   Data   RO           32    .constdata          network.o
    0x080040c4   0x080040c4   0x00000068   Data   RO          388    .constdata          network_data.o
    0x0800412c   0x0800412c   0x00000014   PAD
    0x08004140   0x08004140   0x00000230   Data   RO          438    .constdata          network_data_params.o
    0x08004370   0x08004370   0x00000024   Data   RO          808    .constdata          iris_ai.o
    0x08004394   0x08004394   0x0000000c   Data   RO          880    .constdata          iris_uart.o
    0x080043a0   0x080043a0   0x00000010   Data   RO         2620    .constdata          system_stm32f4xx.o
    0x080043b0   0x080043b0   0x00000008   Data   RO         2621    .constdata          system_stm32f4xx.o
    0x080043b8   0x080043b8   0x00000068   Data   RO         2704    .constdata          NetworkRuntime1020_CM4_Keil.lib(ai_platform_interface.o)
    0x08004420   0x08004420   0x00000028   Data   RO         3892    .constdata          c_w.l(_printf_hex_int.o)
    0x08004448   0x08004448   0x00000011   Data   RO         3927    .constdata          c_w.l(__printf_flags_ss_wp.o)
    0x08004459   0x08004459   0x00000003   PAD
    0x0800445c   0x0800445c   0x00000030   Data   RO         4067    .constdata          m_wm.l(expf.o)
    0x0800448c   0x0800448c   0x0000008b   Data   RO          881    .conststring        iris_uart.o
    0x08004517   0x08004517   0x00000001   PAD
    0x08004518   0x08004518   0x00000020   Data   RO         4526    Region$$Table       anon$$obj.o


    Execution Region RW_IRAM1 (Exec base: 0x20000000, Load base: 0x08004538, Size: 0x00001990, Max: 0x00020000, ABSOLUTE, COMPRESSED[0x00000278])

    Exec Addr    Load Addr    Size         Type   Attr      Idx    E Section Name        Object

    0x20000000   COMPRESSED   0x00000010   Data   RW           35    .data               network.o
    0x20000010   COMPRESSED   0x00000010   Data   RW           36    .data               network.o
    0x20000020   COMPRESSED   0x00000010   Data   RW           37    .data               network.o
    0x20000030   COMPRESSED   0x00000010   Data   RW           38    .data               network.o
    0x20000040   COMPRESSED   0x00000010   Data   RW           39    .data               network.o
    0x20000050   COMPRESSED   0x00000010   Data   RW           40    .data               network.o
    0x20000060   COMPRESSED   0x00000010   Data   RW           41    .data               network.o
    0x20000070   COMPRESSED   0x00000010   Data   RW           42    .data               network.o
    0x20000080   COMPRESSED   0x00000010   Data   RW           43    .data               network.o
    0x20000090   COMPRESSED   0x00000010   Data   RW           44    .data               network.o
    0x200000a0   COMPRESSED   0x00000010   Data   RW           45    .data               network.o
    0x200000b0   COMPRESSED   0x00000010   Data   RW           46    .data               network.o
    0x200000c0   COMPRESSED   0x00000010   Data   RW           47    .data               network.o
    0x200000d0   COMPRESSED   0x00000010   Data   RW           48    .data               network.o
    0x200000e0   COMPRESSED   0x00000010   Data   RW           49    .data               network.o
    0x200000f0   COMPRESSED   0x00000010   Data   RW           50    .data               network.o
    0x20000100   COMPRESSED   0x00000010   Data   RW           51    .data               network.o
    0x20000110   COMPRESSED   0x00000010   Data   RW           52    .data               network.o
    0x20000120   COMPRESSED   0x00000010   Data   RW           53    .data               network.o
    0x20000130   COMPRESSED   0x00000010   Data   RW           54    .data               network.o
    0x20000140   COMPRESSED   0x00000010   Data   RW           55    .data               network.o
    0x20000150   COMPRESSED   0x00000010   Data   RW           56    .data               network.o
    0x20000160   COMPRESSED   0x00000010   Data   RW           57    .data               network.o
    0x20000170   COMPRESSED   0x00000010   Data   RW           58    .data               network.o
    0x20000180   COMPRESSED   0x00000010   Data   RW           59    .data               network.o
    0x20000190   COMPRESSED   0x00000010   Data   RW           60    .data               network.o
    0x200001a0   COMPRESSED   0x00000004   Data   RW           61    .data               network.o
    0x200001a4   COMPRESSED   0x00000004   Data   RW           62    .data               network.o
    0x200001a8   COMPRESSED   0x00000004   Data   RW           63    .data               network.o
    0x200001ac   COMPRESSED   0x00000004   Data   RW           64    .data               network.o
    0x200001b0   COMPRESSED   0x00000030   Data   RW           65    .data               network.o
    0x200001e0   COMPRESSED   0x00000004   Data   RW           66    .data               network.o
    0x200001e4   COMPRESSED   0x00000004   Data   RW           67    .data               network.o
    0x200001e8   COMPRESSED   0x00000008   Data   RW           68    .data               network.o
    0x200001f0   COMPRESSED   0x00000004   Data   RW           69    .data               network.o
    0x200001f4   COMPRESSED   0x00000030   Data   RW           70    .data               network.o
    0x20000224   COMPRESSED   0x00000004   Data   RW           71    .data               network.o
    0x20000228   COMPRESSED   0x00000004   Data   RW           72    .data               network.o
    0x2000022c   COMPRESSED   0x00000004   Data   RW           73    .data               network.o
    0x20000230   COMPRESSED   0x00000004   Data   RW           74    .data               network.o
    0x20000234   COMPRESSED   0x00000030   Data   RW           75    .data               network.o
    0x20000264   COMPRESSED   0x00000004   Data   RW           76    .data               network.o
    0x20000268   COMPRESSED   0x00000004   Data   RW           77    .data               network.o
    0x2000026c   COMPRESSED   0x00000008   Data   RW           78    .data               network.o
    0x20000274   COMPRESSED   0x00000004   Data   RW           79    .data               network.o
    0x20000278   COMPRESSED   0x00000030   Data   RW           80    .data               network.o
    0x200002a8   COMPRESSED   0x00000004   Data   RW           81    .data               network.o
    0x200002ac   COMPRESSED   0x00000004   Data   RW           82    .data               network.o
    0x200002b0   COMPRESSED   0x00000004   Data   RW           83    .data               network.o
    0x200002b4   COMPRESSED   0x00000004   Data   RW           84    .data               network.o
    0x200002b8   COMPRESSED   0x00000030   Data   RW           85    .data               network.o
    0x200002e8   COMPRESSED   0x00000004   Data   RW           86    .data               network.o
    0x200002ec   COMPRESSED   0x00000004   Data   RW           87    .data               network.o
    0x200002f0   COMPRESSED   0x00000008   Data   RW           88    .data               network.o
    0x200002f8   COMPRESSED   0x00000004   Data   RW           89    .data               network.o
    0x200002fc   COMPRESSED   0x00000030   Data   RW           90    .data               network.o
    0x2000032c   COMPRESSED   0x00000010   Data   RW           91    .data               network.o
    0x2000033c   COMPRESSED   0x0000001c   Data   RW           92    .data               network.o
    0x20000358   COMPRESSED   0x00000010   Data   RW           93    .data               network.o
    0x20000368   COMPRESSED   0x0000001c   Data   RW           94    .data               network.o
    0x20000384   COMPRESSED   0x00000004   Data   RW           95    .data               network.o
    0x20000388   COMPRESSED   0x00000008   Data   RW           96    .data               network.o
    0x20000390   COMPRESSED   0x0000000c   Data   RW           97    .data               network.o
    0x2000039c   COMPRESSED   0x00000004   Data   RW           98    .data               network.o
    0x200003a0   COMPRESSED   0x00000008   Data   RW           99    .data               network.o
    0x200003a8   COMPRESSED   0x0000000c   Data   RW          100    .data               network.o
    0x200003b4   COMPRESSED   0x00000018   Data   RW          101    .data               network.o
    0x200003cc   COMPRESSED   0x00000124   Data   RW          102    .data               network.o
    0x200004f0   COMPRESSED   0x0000001c   Data   RW          103    .data               network.o
    0x2000050c   COMPRESSED   0x0000001c   Data   RW          104    .data               network.o
    0x20000528   COMPRESSED   0x0000001c   Data   RW          105    .data               network.o
    0x20000544   COMPRESSED   0x0000001c   Data   RW          106    .data               network.o
    0x20000560   COMPRESSED   0x0000001c   Data   RW          107    .data               network.o
    0x2000057c   COMPRESSED   0x0000001c   Data   RW          108    .data               network.o
    0x20000598   COMPRESSED   0x0000001c   Data   RW          109    .data               network.o
    0x200005b4   COMPRESSED   0x0000001c   Data   RW          110    .data               network.o
    0x200005d0   COMPRESSED   0x0000001c   Data   RW          111    .data               network.o
    0x200005ec   COMPRESSED   0x0000001c   Data   RW          112    .data               network.o
    0x20000608   COMPRESSED   0x0000001c   Data   RW          113    .data               network.o
    0x20000624   COMPRESSED   0x0000001c   Data   RW          114    .data               network.o
    0x20000640   COMPRESSED   0x0000001c   Data   RW          115    .data               network.o
    0x2000065c   COMPRESSED   0x00000024   Data   RW          116    .data               network.o
    0x20000680   COMPRESSED   0x0000001c   Data   RW          117    .data               network.o
    0x2000069c   COMPRESSED   0x00000020   Data   RW          118    .data               network.o
    0x200006bc   COMPRESSED   0x0000001c   Data   RW          119    .data               network.o
    0x200006d8   COMPRESSED   0x00000020   Data   RW          120    .data               network.o
    0x200006f8   COMPRESSED   0x0000001c   Data   RW          121    .data               network.o
    0x20000714   COMPRESSED   0x00000010   Data   RW          389    .data               network_data.o
    0x20000724   COMPRESSED   0x00000010   Data   RW          390    .data               network_data.o
    0x20000734   COMPRESSED   0x0000001c   Data   RW          391    .data               network_data.o
    0x20000750   COMPRESSED   0x0000001c   Data   RW          392    .data               network_data.o
    0x2000076c   COMPRESSED   0x00000008   Data   RW          633    .data               main.o
    0x20000774   COMPRESSED   0x00000010   Data   RW          809    .data               iris_ai.o
    0x20000784   COMPRESSED   0x00000010   Data   RW          882    .data               iris_uart.o
    0x20000794   COMPRESSED   0x0000000c   Data   RW         2024    .data               stm32f4xx_hal.o
    0x200007a0   COMPRESSED   0x00000004   Data   RW         2622    .data               system_stm32f4xx.o
    0x200007a4        -       0x0000001c   Zero   RW           23    .bss                network.o
    0x200007c0        -       0x00000010   Zero   RW           24    .bss                network.o
    0x200007d0        -       0x0000001c   Zero   RW           25    .bss                network.o
    0x200007ec        -       0x00000010   Zero   RW           26    .bss                network.o
    0x200007fc        -       0x00000048   Zero   RW          632    .bss                main.o
    0x20000844   COMPRESSED   0x0000001c   PAD
    0x20000860        -       0x00000040   Zero   RW          806    .bss                iris_ai.o
    0x200008a0        -       0x00000010   Zero   RW          807    .bss                iris_ai.o
    0x200008b0        -       0x00000080   Zero   RW          879    .bss                iris_uart.o
    0x20000930        -       0x00000060   Zero   RW         4332    .bss                c_w.l(libspace.o)
    0x20000990        -       0x00000800   Zero   RW            2    HEAP                startup_stm32f411xe.o
    0x20001190        -       0x00000800   Zero   RW            1    STACK               startup_stm32f411xe.o


==============================================================================

Image component sizes


      Code (inc. data)   RO Data    RW Data    ZI Data      Debug   Object Name

         0          0          0          0          0     382912   app_x-cube-ai.o
       340         38         36         16         80      17866   iris_ai.o
      2234        914        151         16        128      10621   iris_uart.o
       260         30          0          8         72       2058   main.o
       508         30         48       1812         88      57530   network.o
        40          4        104         88          0      15673   network_data.o
         0          0        560          0          0      15122   network_data_params.o
        64         26        408          0       4096        828   startup_stm32f411xe.o
       144         24          0         12          0       8529   stm32f4xx_hal.o
       198         14          0          0          0      33735   stm32f4xx_hal_cortex.o
        34          0          0          0          0       1027   stm32f4xx_hal_crc.o
       182          0          0          0          0       2055   stm32f4xx_hal_dma.o
       480         34          0          0          0       1484   stm32f4xx_hal_gpio.o
       212         30          0          0          0       2127   stm32f4xx_hal_msp.o
      1348         76          0          0          0       5176   stm32f4xx_hal_rcc.o
      1654         14          0          0          0      10695   stm32f4xx_hal_uart.o
        32          6          0          0          0       4498   stm32f4xx_it.o
        16          4         24          4          0       1087   system_stm32f4xx.o

    ----------------------------------------------------------------------
      7758       1244       1384       1956       4492     573023   Object Totals
         0          0         32          0          0          0   (incl. Generated)
        12          0         21          0         28          0   (incl. Padding)

    ----------------------------------------------------------------------

      Code (inc. data)   RO Data    RW Data    ZI Data      Debug   Library Member Name

       330         52          0          0          0        244   ai_datatypes_format.o
        52          6          0          0          0        232   ai_datatypes_internal.o
       158          8          0          0          0        368   ai_platform.o
      2212         76        104          0          0       2764   ai_platform_interface.o
        42          0          0          0          0        348   core_common.o
       226          6          0          0          0        628   layers.o
       328          6          0          0          0        148   layers_conv2d_generic_float.o
       430         12          0          0          0        508   layers_nl_generic_float.o
      1336         28          0          0          0        860   lite_dense_if32.o
        86          0          0          0          0        140   lite_nl_generic_float.o
       172          4          0          0          0        116   lite_nl_relu_if32of32.o
       164          6          0          0          0        152   lite_nl_softmax_if32of32.o
       144          0          0          0          0        132   st_int8_fill.o
        90          0          0          0          0          0   __dczerorl2.o
         8          0          0          0          0         68   __main.o
       392          4         17          0          0         92   __printf_flags_ss_wp.o
        14          0          0          0          0         68   __printf_wp.o
         0          0          0          0          0          0   __rtentry.o
        12          0          0          0          0          0   __rtentry2.o
         6          0          0          0          0          0   __rtentry4.o
        52          8          0          0          0          0   __scatter.o
        28          0          0          0          0          0   __scatter_zi.o
        44          0          0          0          0        108   _printf_char.o
        48          6          0          0          0         96   _printf_char_common.o
         6          0          0          0          0          0   _printf_d.o
       120         16          0          0          0         92   _printf_dec.o
        88          4         40          0          0         88   _printf_hex_int.o
       178          0          0          0          0         88   _printf_intcommon.o
        78          0          0          0          0        108   _printf_pad.o
         0          0          0          0          0          0   _printf_percent.o
         4          0          0          0          0          0   _printf_percent_end.o
         6          0          0          0          0          0   _printf_s.o
        82          0          0          0          0         80   _printf_str.o
         6          0          0          0          0          0   _printf_u.o
         6          0          0          0          0          0   _printf_x.o
        22          0          0          0          0        100   _rserrno.o
        16          0          0          0          0         68   _snputc.o
        10          0          0          0          0         68   _sputc.o
        18          0          0          0          0         80   exit.o
         6          0          0          0          0        152   heapauxi.o
         0          0          0          0          0          0   indicate_semi.o
         2          0          0          0          0          0   libinit.o
         6          0          0          0          0          0   libinit2.o
         2          0          0          0          0          0   libshutdown.o
         2          0          0          0          0          0   libshutdown2.o
         8          4          0          0         96         68   libspace.o
       238          0          0          0          0        100   lludivv7m.o
        88          0          0          0          0         76   memcmp.o
        52          4          0          0          0         84   noretval__2snprintf.o
         8          4          0          0          0         68   rt_errno_addr_intlibspace.o
        78          0          0          0          0         80   rt_memclr_w.o
       100          0          0          0          0         80   rt_memcpy_w.o
         2          0          0          0          0          0   rtexit.o
        10          0          0          0          0          0   rtexit2.o
        62          0          0          0          0         76   strlen.o
        12          4          0          0          0         68   sys_exit.o
        74          0          0          0          0         80   sys_stackheap_outer.o
         2          0          0          0          0         68   use_no_semi.o
        10          0          0          0          0        116   fpinit.o
         0          0          0          0          0          0   usenofp.o
       488         62         48          0          0        236   expf.o
        38          0          0          0          0        116   fpclassifyf.o
        38         12          0          0          0        348   funder.o

    ----------------------------------------------------------------------
      8366        332        212          0         96       9660   Library Totals
        26          0          3          0          0          0   (incl. Padding)

    ----------------------------------------------------------------------

      Code (inc. data)   RO Data    RW Data    ZI Data      Debug   Library Name

      5680        204        104          0          0       6640   NetworkRuntime1020_CM4_Keil.lib
      2086         54         57          0         96       2204   c_w.l
        10          0          0          0          0        116   fz_wm.l
       564         74         48          0          0        700   m_wm.l

    ----------------------------------------------------------------------
      8366        332        212          0         96       9660   Library Totals

    ----------------------------------------------------------------------

==============================================================================


      Code (inc. data)   RO Data    RW Data    ZI Data      Debug   

     16124       1576       1596       1956       4588     569439   Grand Totals
     16124       1576       1596        632       4588     569439   ELF Image Totals (compressed)
     16124       1576       1596        632          0          0   ROM Totals

==============================================================================

    Total RO  Size (Code + RO Data)                17720 (  17.30kB)
    Total RW  Size (RW Data + ZI Data)              6544 (   6.39kB)
    Total ROM Size (Code + RO Data + RW Data)      18352 (  17.92kB)

==============================================================================

